// Jest Snapshot v1, https://goo.gl/fbAQLP

exports[`renders correctly 1`] = `
<div>
  <div
    className="row"
    key="0"
  >
    <div
      className="col-lg-4"
    >
      <ForwardRef(Bootstrap(Button))
        className="guessBtn"
        variant="light"
      >
        dingo
      </ForwardRef(Bootstrap(Button))>
    </div>
  </div>
  <div
    className="row"
    key="1"
  >
    <div
      className="col-lg-4"
    >
      <ForwardRef(Bootstrap(Button))
        className="guessBtn"
        variant="light"
      >
        cattledog
      </ForwardRef(Bootstrap(Button))>
    </div>
  </div>
  <div
    className="row"
    key="2"
  >
    <div
      className="col-lg-4"
    >
      <ForwardRef(Bootstrap(Button))
        className="guessBtn"
        variant="light"
      >
        cattledog
      </ForwardRef(Bootstrap(Button))>
    </div>
  </div>
  <div
    className="row"
    key="3"
  >
    <div
      className="col-lg-4"
    >
      <ForwardRef(Bootstrap(Button))
        className="guessBtn"
        variant="light"
      />
    </div>
  </div>
</div>
`;
